// Vitest Snapshot v1, https://vitest.dev/guide/snapshot.html

exports[`Proxy<Card> > when loaded > should display the card 1`] = `
<div
  class="card s-rd2yZI2QwEJR"
  data-testid="card"
>
  <div
    class="s-RS4ZBOUWIyHj"
  >
    <span
      class="s-RS4ZBOUWIyHj"
    >
      B
    </span>
  </div>
  <!--&lt;Letter&gt;-->
  <div
    class="s-RS4ZBOUWIyHj"
  >
    <span
      class="s-RS4ZBOUWIyHj"
    >
      I
    </span>
  </div>
  <!--&lt;Letter&gt;-->
  <div
    class="s-RS4ZBOUWIyHj"
  >
    <span
      class="s-RS4ZBOUWIyHj"
    >
      N
    </span>
  </div>
  <!--&lt;Letter&gt;-->
  <div
    class="s-RS4ZBOUWIyHj"
  >
    <span
      class="s-RS4ZBOUWIyHj"
    >
      G
    </span>
  </div>
  <!--&lt;Letter&gt;-->
  <div
    class="s-RS4ZBOUWIyHj"
  >
    <span
      class="s-RS4ZBOUWIyHj"
    >
      O
    </span>
  </div>
  <!--&lt;Letter&gt;-->
   
  <button
    aria-checked="true"
    class="s-H7--1TZSAuX0"
    role="switch"
  >
    <div
      class="s-H7--1TZSAuX0"
    >
      12
    </div>
  </button>
  <!--&lt;Ball&gt;-->
  <button
    aria-checked="false"
    class="s-H7--1TZSAuX0"
    role="switch"
  >
    <div
      class="s-H7--1TZSAuX0"
    >
      18
    </div>
  </button>
  <!--&lt;Ball&gt;-->
  <button
    aria-checked="false"
    class="s-H7--1TZSAuX0"
    role="switch"
  >
    <div
      class="s-H7--1TZSAuX0"
    >
      34
    </div>
  </button>
  <!--&lt;Ball&gt;-->
  <button
    aria-checked="false"
    class="s-H7--1TZSAuX0"
    role="switch"
  >
    <div
      class="s-H7--1TZSAuX0"
    >
      47
    </div>
  </button>
  <!--&lt;Ball&gt;-->
  <button
    aria-checked="false"
    class="s-H7--1TZSAuX0"
    role="switch"
  >
    <div
      class="s-H7--1TZSAuX0"
    >
      66
    </div>
  </button>
  <!--&lt;Ball&gt;-->
  
  <button
    aria-checked="false"
    class="s-H7--1TZSAuX0"
    role="switch"
  >
    <div
      class="s-H7--1TZSAuX0"
    >
      13
    </div>
  </button>
  <!--&lt;Ball&gt;-->
  <button
    aria-checked="false"
    class="s-H7--1TZSAuX0"
    role="switch"
  >
    <div
      class="s-H7--1TZSAuX0"
    >
      16
    </div>
  </button>
  <!--&lt;Ball&gt;-->
  <button
    aria-checked="false"
    class="s-H7--1TZSAuX0"
    role="switch"
  >
    <div
      class="s-H7--1TZSAuX0"
    >
      32
    </div>
  </button>
  <!--&lt;Ball&gt;-->
  <button
    aria-checked="false"
    class="s-H7--1TZSAuX0"
    role="switch"
  >
    <div
      class="s-H7--1TZSAuX0"
    >
      53
    </div>
  </button>
  <!--&lt;Ball&gt;-->
  <button
    aria-checked="false"
    class="s-H7--1TZSAuX0"
    role="switch"
  >
    <div
      class="s-H7--1TZSAuX0"
    >
      62
    </div>
  </button>
  <!--&lt;Ball&gt;-->
  
  <button
    aria-checked="false"
    class="s-H7--1TZSAuX0"
    role="switch"
  >
    <div
      class="s-H7--1TZSAuX0"
    >
      4
    </div>
  </button>
  <!--&lt;Ball&gt;-->
  <button
    aria-checked="false"
    class="s-H7--1TZSAuX0"
    role="switch"
  >
    <div
      class="s-H7--1TZSAuX0"
    >
      29
    </div>
  </button>
  <!--&lt;Ball&gt;-->
  <button
    aria-checked="true"
    class="s-H7--1TZSAuX0"
    role="switch"
  >
    <div
      class="s-H7--1TZSAuX0"
    >
      free
    </div>
  </button>
  <!--&lt;Ball&gt;-->
  <button
    aria-checked="false"
    class="s-H7--1TZSAuX0"
    role="switch"
  >
    <div
      class="s-H7--1TZSAuX0"
    >
      50
    </div>
  </button>
  <!--&lt;Ball&gt;-->
  <button
    aria-checked="false"
    class="s-H7--1TZSAuX0"
    role="switch"
  >
    <div
      class="s-H7--1TZSAuX0"
    >
      70
    </div>
  </button>
  <!--&lt;Ball&gt;-->
  
  <button
    aria-checked="false"
    class="s-H7--1TZSAuX0"
    role="switch"
  >
    <div
      class="s-H7--1TZSAuX0"
    >
      7
    </div>
  </button>
  <!--&lt;Ball&gt;-->
  <button
    aria-checked="false"
    class="s-H7--1TZSAuX0"
    role="switch"
  >
    <div
      class="s-H7--1TZSAuX0"
    >
      23
    </div>
  </button>
  <!--&lt;Ball&gt;-->
  <button
    aria-checked="false"
    class="s-H7--1TZSAuX0"
    role="switch"
  >
    <div
      class="s-H7--1TZSAuX0"
    >
      37
    </div>
  </button>
  <!--&lt;Ball&gt;-->
  <button
    aria-checked="false"
    class="s-H7--1TZSAuX0"
    role="switch"
  >
    <div
      class="s-H7--1TZSAuX0"
    >
      56
    </div>
  </button>
  <!--&lt;Ball&gt;-->
  <button
    aria-checked="false"
    class="s-H7--1TZSAuX0"
    role="switch"
  >
    <div
      class="s-H7--1TZSAuX0"
    >
      72
    </div>
  </button>
  <!--&lt;Ball&gt;-->
  
  <button
    aria-checked="false"
    class="s-H7--1TZSAuX0"
    role="switch"
  >
    <div
      class="s-H7--1TZSAuX0"
    >
      2
    </div>
  </button>
  <!--&lt;Ball&gt;-->
  <button
    aria-checked="false"
    class="s-H7--1TZSAuX0"
    role="switch"
  >
    <div
      class="s-H7--1TZSAuX0"
    >
      30
    </div>
  </button>
  <!--&lt;Ball&gt;-->
  <button
    aria-checked="false"
    class="s-H7--1TZSAuX0"
    role="switch"
  >
    <div
      class="s-H7--1TZSAuX0"
    >
      31
    </div>
  </button>
  <!--&lt;Ball&gt;-->
  <button
    aria-checked="false"
    class="s-H7--1TZSAuX0"
    role="switch"
  >
    <div
      class="s-H7--1TZSAuX0"
    >
      49
    </div>
  </button>
  <!--&lt;Ball&gt;-->
  <button
    aria-checked="true"
    class="s-H7--1TZSAuX0"
    role="switch"
  >
    <div
      class="s-H7--1TZSAuX0"
    >
      63
    </div>
  </button>
  <!--&lt;Ball&gt;-->
  
   
  <div
    class="foot s-rd2yZI2QwEJR"
  >
    12345
  </div>
</div>
`;
