// Vitest Snapshot v1, https://vitest.dev/guide/snapshot.html

exports[`GAME_MAPS > should represent games 1`] = `
[
  [
    [
      1,
      1,
      1,
      1,
      1,
    ],
    [
      1,
      0,
      0,
      0,
      1,
    ],
    [
      1,
      0,
      0,
      0,
      1,
    ],
    [
      1,
      0,
      0,
      0,
      1,
    ],
    [
      1,
      1,
      1,
      1,
      1,
    ],
  ],
  [
    [
      0,
      0,
      0,
      0,
      0,
    ],
    [
      0,
      1,
      1,
      1,
      0,
    ],
    [
      0,
      1,
      0,
      1,
      0,
    ],
    [
      0,
      1,
      1,
      1,
      0,
    ],
    [
      0,
      0,
      0,
      0,
      0,
    ],
  ],
  [
    [
      1,
      1,
      0,
      1,
      1,
    ],
    [
      1,
      1,
      0,
      1,
      1,
    ],
    [
      0,
      0,
      0,
      0,
      0,
    ],
    [
      1,
      1,
      0,
      1,
      1,
    ],
    [
      1,
      1,
      0,
      1,
      1,
    ],
  ],
  [
    [
      1,
      0,
      0,
      0,
      1,
    ],
    [
      0,
      1,
      0,
      1,
      0,
    ],
    [
      0,
      0,
      1,
      0,
      0,
    ],
    [
      0,
      1,
      0,
      1,
      0,
    ],
    [
      1,
      0,
      0,
      0,
      1,
    ],
  ],
  [
    [
      1,
      1,
      1,
      1,
      1,
    ],
    [
      0,
      0,
      1,
      0,
      0,
    ],
    [
      0,
      0,
      1,
      0,
      0,
    ],
    [
      0,
      0,
      1,
      0,
      0,
    ],
    [
      0,
      0,
      1,
      0,
      0,
    ],
  ],
  [
    [
      0,
      0,
      1,
      0,
      0,
    ],
    [
      0,
      0,
      1,
      0,
      0,
    ],
    [
      1,
      1,
      1,
      1,
      1,
    ],
    [
      0,
      0,
      1,
      0,
      0,
    ],
    [
      0,
      0,
      1,
      0,
      0,
    ],
  ],
  [
    [
      1,
      0,
      0,
      0,
      0,
    ],
    [
      1,
      0,
      0,
      0,
      0,
    ],
    [
      1,
      0,
      0,
      0,
      0,
    ],
    [
      1,
      0,
      0,
      0,
      0,
    ],
    [
      1,
      1,
      1,
      1,
      1,
    ],
  ],
  [
    [
      1,
      1,
      1,
      1,
      1,
    ],
    [
      1,
      1,
      1,
      1,
      1,
    ],
    [
      1,
      1,
      1,
      1,
      1,
    ],
    [
      1,
      1,
      1,
      1,
      1,
    ],
    [
      1,
      1,
      1,
      1,
      1,
    ],
  ],
]
`;
