// Jest Snapshot v1, https://goo.gl/fbAQLP

exports[`getCard should create a bingo card 1`] = `
Object {
  "rows": Array [
    Array [
      12,
      18,
      34,
      47,
      66,
    ],
    Array [
      13,
      16,
      32,
      53,
      62,
    ],
    Array [
      4,
      29,
      0,
      50,
      70,
    ],
    Array [
      7,
      23,
      37,
      56,
      72,
    ],
    Array [
      2,
      30,
      31,
      49,
      63,
    ],
  ],
  "seed": 12345,
}
`;
